Removed Pin From Net: NetName=+5V_Puissance Pin=+5Vp-1
Removed Pin From Net: NetName=+5V_Puissance Pin=+5Vp-2
Removed Pin From Net: NetName=+5V_Puissance Pin=+5Vp-3
Removed Pin From Net: NetName=TFT-LED Pin=-9
Removed Pin From Net: NetName=GND Pin=-10
Removed Pin From Net: NetName=GND Pin=-15
Removed Pin From Net: NetName=GND Pin=-16
Removed Pin From Net: NetName=GND Pin=-17
Removed Pin From Net: NetName=GND Pin=B0-1
Removed Pin From Net: NetName=GND Pin=B1-1
Removed Pin From Net: NetName=GND Pin=B2-1
Removed Pin From Net: NetName=GND Pin=B3-1
Removed Pin From Net: NetName=GND Pin=B4-1
Removed Pin From Net: NetName=+5V Pin=BMP180-1
Removed Pin From Net: NetName=GND Pin=BMP180-2
Removed Pin From Net: NetName=PA15_I2C_SCL Pin=BMP180-3
Removed Pin From Net: NetName=PB7_I2C_SDA Pin=BMP180-4
Removed Pin From Net: NetName=GND Pin=BZ1-2
Removed Pin From Net: NetName=GND Pin=CB0-1
Removed Pin From Net: NetName=GND Pin=CB1-1
Removed Pin From Net: NetName=GND Pin=CB2-1
Removed Pin From Net: NetName=GND Pin=CB3-1
Removed Pin From Net: NetName=GND Pin=CB4-1
Removed Pin From Net: NetName=GND Pin=CdGE-1
Removed Pin From Net: NetName=TFT-LED Pin=CdGE-2
Removed Pin From Net: NetName=+5V Pin=Cdt-1
Removed Pin From Net: NetName=GND Pin=Cdt-2
Removed Pin From Net: NetName=GND Pin=Cdtsop-2
Removed Pin From Net: NetName=GND Pin=CdUand-1
Removed Pin From Net: NetName=+5V_Puissance Pin=CdUand-2
Removed Pin From Net: NetName=+5V_Puissance Pin=CdWS-1
Removed Pin From Net: NetName=GND Pin=CdWS-2
Removed Pin From Net: NetName=GND Pin=Cf1-1
Removed Pin From Net: NetName=GND Pin=Cft-2
Removed Pin From Net: NetName=GND Pin=Cmot0-1
Removed Pin From Net: NetName=GND Pin=Cmot1-1
Removed Pin From Net: NetName=GND Pin=CNY70-2
Removed Pin From Net: NetName=GND Pin=CNY70-3
Removed Pin From Net: NetName=GND Pin=D0-2
Removed Pin From Net: NetName=TFT-LED Pin=DHT11-1
Removed Pin From Net: NetName=TFT-LED Pin=DHT11-1
Removed Pin From Net: NetName=GND Pin=DHT11-4
Removed Pin From Net: NetName=GND Pin=DHT11-4
Removed Pin From Net: NetName=+5V Pin=HC-05-2
Removed Pin From Net: NetName=GND Pin=HC-05-3
Removed Pin From Net: NetName=GND Pin=J_analogSensor-1
Removed Pin From Net: NetName=TFT-LED Pin=J_analogSensor-3
Removed Pin From Net: NetName=VCC Pin=J_BT-1
Removed Pin From Net: NetName=GND Pin=J_BT-2
Removed Pin From Net: NetName=GND Pin=J_BT-3
Removed Pin From Net: NetName=PA9 Pin=JArd-CN5-1
Removed Pin From Net: NetName=PB4 Pin=JArd-CN5-2
Removed Pin From Net: NetName=PB6 Pin=JArd-CN5-3
Removed Pin From Net: NetName=PA7 Pin=JArd-CN5-4
Removed Pin From Net: NetName=PA6(PA15) Pin=JArd-CN5-5
Removed Pin From Net: NetName=PA5(PB7) Pin=JArd-CN5-6
Removed Pin From Net: NetName=GND Pin=JArd-CN5-7
Removed Pin From Net: NetName=TFT-LED Pin=JArd-CN5-8
Removed Pin From Net: NetName=PB7_I2C_SDA Pin=JArd-CN5-9
Removed Pin From Net: NetName=PA15_I2C_SCL Pin=JArd-CN5-10
Removed Pin From Net: NetName=TFT-LED Pin=JArd-CN6-2
Removed Pin From Net: NetName=TFT-LED Pin=JArd-CN6-4
Removed Pin From Net: NetName=+5V Pin=JArd-CN6-5
Removed Pin From Net: NetName=GND Pin=JArd-CN6-6
Removed Pin From Net: NetName=GND Pin=JArd-CN6-7
Removed Pin From Net: NetName=PB0 Pin=JArd-CN8-4
Removed Pin From Net: NetName=PA0 Pin=JArd-CN8-5
Removed Pin From Net: NetName=PA1 Pin=JArd-CN8-6
Removed Pin From Net: NetName=PA3_UART2_RX Pin=JArd-CN9-1
Removed Pin From Net: NetName=PA2_UART2_TX Pin=JArd-CN9-2
Removed Pin From Net: NetName=PA10 Pin=JArd-CN9-3
Removed Pin From Net: NetName=GND Pin=JchargeP0-2
Removed Pin From Net: NetName=GND Pin=Jinput1-1
Removed Pin From Net: NetName=GND Pin=Joystick-1
Removed Pin From Net: NetName=TFT-LED Pin=Joystick-2
Removed Pin From Net: NetName=TFT-LED Pin=LDR5506-2
Removed Pin From Net: NetName=GND Pin=MatLED-1
Removed Pin From Net: NetName=+5V_Puissance Pin=MatLED-3
Removed Pin From Net: NetName=TFT-LED Pin=MAX4466-1
Removed Pin From Net: NetName=GND Pin=MAX4466-3
Removed Pin From Net: NetName=PA6(PA15) Pin=MISO=PA6-2
Removed Pin From Net: NetName=PA7 Pin=MOSI=PA7-1
Removed Pin From Net: NetName=GND Pin=MPU6050-2
Removed Pin From Net: NetName=PA15_I2C_SCL Pin=MPU6050-3
Removed Pin From Net: NetName=PB7_I2C_SDA Pin=MPU6050-4
Removed Pin From Net: NetName=+5V Pin=P5V-1
Removed Pin From Net: NetName=+5V_NUC Pin=P5V-2
Removed Pin From Net: NetName=PA9 Pin=PA9_TX-2
Removed Pin From Net: NetName=PA10 Pin=PA10_RX-2
Removed Pin From Net: NetName=GND Pin=PT0-1
Removed Pin From Net: NetName=TFT-LED Pin=PT0-3
Removed Pin From Net: NetName=VCC Pin=Pvccmot-1
Removed Pin From Net: NetName=VCC Pin=Pvccvin-1
Removed Pin From Net: NetName=VIN Pin=Pvccvin-2
Removed Pin From Net: NetName=GND Pin=QIR-2
Removed Pin From Net: NetName=GND Pin=QnMOS0-2
Removed Pin From Net: NetName=GND Pin=QnMOS2-3
Removed Pin From Net: NetName=GND Pin=QnMOS2-3
Removed Pin From Net: NetName=TFT-LED Pin=QpMOS-2
Removed Pin From Net: NetName=TFT-LED Pin=R+tsop-1
Removed Pin From Net: NetName=GND Pin=Recho--1
Removed Pin From Net: NetName=TFT-LED Pin=Rkpu0-2
Removed Pin From Net: NetName=TFT-LED Pin=Rkpu1-2
Removed Pin From Net: NetName=TFT-LED Pin=Rkpu2-2
Removed Pin From Net: NetName=TFT-LED Pin=Rkpu3-2
Removed Pin From Net: NetName=TFT-LED Pin=Rkpu4-2
Removed Pin From Net: NetName=TFT-LED Pin=Rkpu5-2
Removed Pin From Net: NetName=TFT-LED Pin=Rkpu6-2
Removed Pin From Net: NetName=TFT-LED Pin=Rkpu7-2
Removed Pin From Net: NetName=GND Pin=Rpd1-1
Removed Pin From Net: NetName=GND Pin=RpdIR-1
Removed Pin From Net: NetName=GND Pin=RpdLDR-2
Removed Pin From Net: NetName=TFT-LED Pin=Rpu1-2
Removed Pin From Net: NetName=TFT-LED Pin=RpuB0-2
Removed Pin From Net: NetName=TFT-LED Pin=RpuB1-2
Removed Pin From Net: NetName=TFT-LED Pin=RpuB2-2
Removed Pin From Net: NetName=TFT-LED Pin=RpuB3-2
Removed Pin From Net: NetName=TFT-LED Pin=RpuB4-2
Removed Pin From Net: NetName=TFT-LED Pin=RpuCNY-1
Removed Pin From Net: NetName=TFT-LED Pin=RpuDHT11-1
Removed Pin From Net: NetName=TFT-LED Pin=RpuJoy-2
Removed Pin From Net: NetName=GND Pin=RpullMos0-1
Removed Pin From Net: NetName=GND Pin=RpullMos2-1
Removed Pin From Net: NetName=TFT-LED Pin=RpullMosP-2
Removed Pin From Net: NetName=TFT-LED Pin=RpuRst-2
Removed Pin From Net: NetName=TFT-LED Pin=Rputsop-1
Removed Pin From Net: NetName=+5V Pin=RsCNY-1
Removed Pin From Net: NetName=+5V Pin=RsIR-2
Removed Pin From Net: NetName=PA5(PB7) Pin=SCK=PA5-1
Removed Pin From Net: NetName=GND Pin=TSOP38238-2
Removed Pin From Net: NetName=GND Pin=Uand-3
Removed Pin From Net: NetName=+5V_Puissance Pin=Uand-5
Removed Pin From Net: NetName=GND Pin=Umot0-8
Removed Pin From Net: NetName=GND Pin=Umot1-8
Removed Pin From Net: NetName=+5V Pin=US-1
Removed Pin From Net: NetName=GND Pin=US-4
Removed Pin From Net: NetName=+5V Pin=Utemp-1
Removed Pin From Net: NetName=GND Pin=Utemp-3
Removed Pin From Net: NetName=VCC Pin=VCC-1
Removed Pin From Net: NetName=VCC Pin=VCC-2
Removed Pin From Net: NetName=VCC Pin=VCC-3
Removed Member From Class: ClassName=projet_pcb_nucleo_g431 Member=+5Vp
Removed Member From Class: ClassName=projet_pcb_nucleo_g431 Member=ANx
Removed Member From Class: ClassName=projet_pcb_nucleo_g431 Member=B0
Removed Member From Class: ClassName=projet_pcb_nucleo_g431 Member=B1
Removed Member From Class: ClassName=projet_pcb_nucleo_g431 Member=B2
Removed Member From Class: ClassName=projet_pcb_nucleo_g431 Member=B3
Removed Member From Class: ClassName=projet_pcb_nucleo_g431 Member=B4
Removed Member From Class: ClassName=projet_pcb_nucleo_g431 Member=BMP180
Removed Member From Class: ClassName=projet_pcb_nucleo_g431 Member=BZ1
Removed Member From Class: ClassName=projet_pcb_nucleo_g431 Member=CB0
Removed Member From Class: ClassName=projet_pcb_nucleo_g431 Member=CB1
Removed Member From Class: ClassName=projet_pcb_nucleo_g431 Member=CB2
Removed Member From Class: ClassName=projet_pcb_nucleo_g431 Member=CB3
Removed Member From Class: ClassName=projet_pcb_nucleo_g431 Member=CB4
Removed Member From Class: ClassName=projet_pcb_nucleo_g431 Member=CdGE
Removed Member From Class: ClassName=projet_pcb_nucleo_g431 Member=Cdt
Removed Member From Class: ClassName=projet_pcb_nucleo_g431 Member=Cdtsop
Removed Member From Class: ClassName=projet_pcb_nucleo_g431 Member=CdUand
Removed Member From Class: ClassName=projet_pcb_nucleo_g431 Member=CdWS
Removed Member From Class: ClassName=projet_pcb_nucleo_g431 Member=Cf1
Removed Member From Class: ClassName=projet_pcb_nucleo_g431 Member=Cft
Removed Member From Class: ClassName=projet_pcb_nucleo_g431 Member=CL1
Removed Member From Class: ClassName=projet_pcb_nucleo_g431 Member=Cmot0
Removed Member From Class: ClassName=projet_pcb_nucleo_g431 Member=Cmot1
Removed Member From Class: ClassName=projet_pcb_nucleo_g431 Member=CNY70
Removed Member From Class: ClassName=projet_pcb_nucleo_g431 Member=D0
Removed Member From Class: ClassName=projet_pcb_nucleo_g431 Member=D
Removed Member From Class: ClassName=projet_pcb_nucleo_g431 Member=DHT11_data
Removed Member From Class: ClassName=projet_pcb_nucleo_g431 Member=DHT11
Removed Member From Class: ClassName=projet_pcb_nucleo_g431 Member=HC-05
Removed Member From Class: ClassName=projet_pcb_nucleo_g431 Member=In1
Removed Member From Class: ClassName=projet_pcb_nucleo_g431 Member=J_analogSensor
Removed Member From Class: ClassName=projet_pcb_nucleo_g431 Member=J_BT
Removed Member From Class: ClassName=projet_pcb_nucleo_g431 Member=JArd
Removed Member From Class: ClassName=projet_pcb_nucleo_g431 Member=Jcharge0
Removed Member From Class: ClassName=projet_pcb_nucleo_g431 Member=Jcharge2
Removed Member From Class: ClassName=projet_pcb_nucleo_g431 Member=JchargeP0
Removed Member From Class: ClassName=projet_pcb_nucleo_g431 Member=Jinput1
Removed Member From Class: ClassName=projet_pcb_nucleo_g431 Member=Joystick
Removed Member From Class: ClassName=projet_pcb_nucleo_g431 Member=LDR5506
Removed Member From Class: ClassName=projet_pcb_nucleo_g431 Member=MatLED
Removed Member From Class: ClassName=projet_pcb_nucleo_g431 Member=MAX4466_out
Removed Member From Class: ClassName=projet_pcb_nucleo_g431 Member=MAX4466
Removed Member From Class: ClassName=projet_pcb_nucleo_g431 Member=MCP9701
Removed Member From Class: ClassName=projet_pcb_nucleo_g431 Member=MISO=PA6
Removed Member From Class: ClassName=projet_pcb_nucleo_g431 Member=MOSI=PA7
Removed Member From Class: ClassName=projet_pcb_nucleo_g431 Member=MOT0
Removed Member From Class: ClassName=projet_pcb_nucleo_g431 Member=MOT1
Removed Member From Class: ClassName=projet_pcb_nucleo_g431 Member=MPU6050
Removed Member From Class: ClassName=projet_pcb_nucleo_g431 Member=P5V
Removed Member From Class: ClassName=projet_pcb_nucleo_g431 Member=PA9_TX
Removed Member From Class: ClassName=projet_pcb_nucleo_g431 Member=PA10_RX
Removed Member From Class: ClassName=projet_pcb_nucleo_g431 Member=Pbuz
Removed Member From Class: ClassName=projet_pcb_nucleo_g431 Member=PT0
Removed Member From Class: ClassName=projet_pcb_nucleo_g431 Member=Pvccmot
Removed Member From Class: ClassName=projet_pcb_nucleo_g431 Member=Pvccvin
Removed Member From Class: ClassName=projet_pcb_nucleo_g431 Member=QIR
Removed Member From Class: ClassName=projet_pcb_nucleo_g431 Member=QnMOS0
Removed Member From Class: ClassName=projet_pcb_nucleo_g431 Member=QnMOS2
Removed Member From Class: ClassName=projet_pcb_nucleo_g431 Member=QpMOS
Removed Member From Class: ClassName=projet_pcb_nucleo_g431 Member=R+tsop
Removed Member From Class: ClassName=projet_pcb_nucleo_g431 Member=Recho+
Removed Member From Class: ClassName=projet_pcb_nucleo_g431 Member=Recho-
Removed Member From Class: ClassName=projet_pcb_nucleo_g431 Member=Rft
Removed Member From Class: ClassName=projet_pcb_nucleo_g431 Member=Rkpu0
Removed Member From Class: ClassName=projet_pcb_nucleo_g431 Member=Rkpu1
Removed Member From Class: ClassName=projet_pcb_nucleo_g431 Member=Rkpu2
Removed Member From Class: ClassName=projet_pcb_nucleo_g431 Member=Rkpu3
Removed Member From Class: ClassName=projet_pcb_nucleo_g431 Member=Rkpu4
Removed Member From Class: ClassName=projet_pcb_nucleo_g431 Member=Rkpu5
Removed Member From Class: ClassName=projet_pcb_nucleo_g431 Member=Rkpu6
Removed Member From Class: ClassName=projet_pcb_nucleo_g431 Member=Rkpu7
Removed Member From Class: ClassName=projet_pcb_nucleo_g431 Member=RLed0
Removed Member From Class: ClassName=projet_pcb_nucleo_g431 Member=Rpd1
Removed Member From Class: ClassName=projet_pcb_nucleo_g431 Member=RpdIR
Removed Member From Class: ClassName=projet_pcb_nucleo_g431 Member=RpdLDR
Removed Member From Class: ClassName=projet_pcb_nucleo_g431 Member=Rpu1
Removed Member From Class: ClassName=projet_pcb_nucleo_g431 Member=RpuB0
Removed Member From Class: ClassName=projet_pcb_nucleo_g431 Member=RpuB1
Removed Member From Class: ClassName=projet_pcb_nucleo_g431 Member=RpuB2
Removed Member From Class: ClassName=projet_pcb_nucleo_g431 Member=RpuB3
Removed Member From Class: ClassName=projet_pcb_nucleo_g431 Member=RpuB4
Removed Member From Class: ClassName=projet_pcb_nucleo_g431 Member=RpuCNY
Removed Member From Class: ClassName=projet_pcb_nucleo_g431 Member=RpuDHT11
Removed Member From Class: ClassName=projet_pcb_nucleo_g431 Member=RpuJoy
Removed Member From Class: ClassName=projet_pcb_nucleo_g431 Member=RpullMos0
Removed Member From Class: ClassName=projet_pcb_nucleo_g431 Member=RpullMos2
Removed Member From Class: ClassName=projet_pcb_nucleo_g431 Member=RpullMosP
Removed Member From Class: ClassName=projet_pcb_nucleo_g431 Member=RpuRst
Removed Member From Class: ClassName=projet_pcb_nucleo_g431 Member=Rputsop
Removed Member From Class: ClassName=projet_pcb_nucleo_g431 Member=Rs1
Removed Member From Class: ClassName=projet_pcb_nucleo_g431 Member=RsCNY
Removed Member From Class: ClassName=projet_pcb_nucleo_g431 Member=RsIR
Removed Member From Class: ClassName=projet_pcb_nucleo_g431 Member=RsSMA
Removed Member From Class: ClassName=projet_pcb_nucleo_g431 Member=RsWS
Removed Member From Class: ClassName=projet_pcb_nucleo_g431 Member=SCK=PA5
Removed Member From Class: ClassName=projet_pcb_nucleo_g431 Member=TSOP38238
Removed Member From Class: ClassName=projet_pcb_nucleo_g431 Member=Uand
Removed Member From Class: ClassName=projet_pcb_nucleo_g431 Member=Umot0
Removed Member From Class: ClassName=projet_pcb_nucleo_g431 Member=Umot1
Removed Member From Class: ClassName=projet_pcb_nucleo_g431 Member=US
Removed Member From Class: ClassName=projet_pcb_nucleo_g431 Member=Utemp
Removed Member From Class: ClassName=projet_pcb_nucleo_g431 Member=VCC
Add Component: Footprint Not Found BARRETTE_3_M_D
Add Component: Footprint Not Found BARRETTE_3_M_D
Add Component: Footprint Not Found BARRETTE_3_M_D
Added Pin To Net: NetName=PA0 Pin=Servo0-3
Added Pin To Net: NetName=PA1 Pin=Servo1-3
Add Pin To Net: Unknown Pin: Pin Servo?-1
Add Pin To Net: Unknown Pin: Pin Servo?-1
Add Pin To Net: Unknown Pin: Pin Servo?-1
Add Pin To Net: Unknown Pin: Pin Servo?-2
Add Pin To Net: Unknown Pin: Pin Servo?-2
Add Pin To Net: Unknown Pin: Pin Servo?-2
Add Pin To Net: Unknown Pin: Pin Servo?-3
Add Pin To Net: Unknown Pin: Pin Servo?-3
Add Pin To Net: Unknown Pin: Pin Servo?-3
Add Class Member: Failed to add class member : Component Servo? BARRETTE 3 CONTACTS 1 RANGEE MALE DROITE
Add Class Member: Failed to add class member : Component Servo? BARRETTE 3 CONTACTS 1 RANGEE MALE DROITE
Add Class Member: Failed to add class member : Component Servo? BARRETTE 3 CONTACTS 1 RANGEE MALE DROITE
